#-----------------------------------------------------------
# Vivado v2019.1 (64-bit)
# SW Build 2552052 on Fri May 24 14:49:42 MDT 2019
# IP Build 2548770 on Fri May 24 18:01:18 MDT 2019
# Start of session at: Sun Nov  8 13:53:37 2020
# Process ID: 1152
# Current directory: C:/verilog_v3
# Command line: vivado.exe -gui_launcher_event rodinguilauncherevent18680 C:\verilog_v3\verilog_v2.xpr
# Log file: C:/verilog_v3/vivado.log
# Journal file: C:/verilog_v3\vivado.jou
#-----------------------------------------------------------
start_gui
open_project C:/verilog_v3/verilog_v2.xpr
launch_simulation
source testbench.tcl
close_sim
launch_simulation
source testbench.tcl
close_sim
launch_simulation
source testbench.tcl
close_sim
launch_simulation
source testbench.tcl
close_sim
launch_simulation
source testbench.tcl
close_sim
launch_simulation
launch_simulation
source testbench.tcl
current_wave_config {Untitled 6}
add_wave {{/testbench/ed/first_col/ip_reference}} 
current_wave_config {Untitled 6}
add_wave {{/testbench/ed/first_col/ip_reference}} 
close_sim
launch_simulation
source testbench.tcl
close_sim
launch_simulation
source testbench.tcl
close_sim
launch_simulation
source testbench.tcl
close_sim
launch_simulation
source testbench.tcl
close_sim
launch_simulation
source testbench.tcl
close_sim
launch_simulation
source testbench.tcl
close_sim
launch_simulation
source testbench.tcl
close_sim
launch_simulation
source testbench.tcl
close_sim
launch_simulation
source testbench.tcl
close_sim
launch_simulation
launch_simulation
source testbench.tcl
close_sim
launch_simulation
source testbench.tcl
close_sim
launch_simulation
launch_simulation
launch_simulation
source testbench.tcl
close_sim
launch_simulation
source testbench.tcl
close_sim
launch_simulation
source testbench.tcl
close_sim
launch_simulation
source testbench.tcl
close_sim
launch_simulation
source testbench.tcl
close_sim
launch_simulation
source testbench.tcl
close_sim
launch_simulation
source testbench.tcl
close_sim
launch_simulation
source testbench.tcl
close_sim
launch_simulation
source testbench.tcl
close_sim
launch_simulation
source testbench.tcl
close_sim
launch_simulation
source testbench.tcl
close_sim
launch_simulation
launch_simulation
launch_simulation
source testbench.tcl
close_sim
launch_simulation
launch_simulation
launch_simulation
launch_simulation
launch_simulation
launch_simulation
source testbench.tcl
close_sim
launch_simulation
source testbench.tcl
close_sim
launch_simulation
source testbench.tcl
close_sim
launch_simulation
launch_simulation
source testbench.tcl
close_sim
launch_simulation
source testbench.tcl
close_sim
launch_simulation
source testbench.tcl
close_sim
launch_simulation
source testbench.tcl
close_sim
launch_simulation
source testbench.tcl
close_sim
launch_simulation
source testbench.tcl
close_sim
launch_simulation
source testbench.tcl
close_sim
launch_simulation
source testbench.tcl
close_sim
launch_simulation
source testbench.tcl
close_sim
